----------------------------------------
[2026-07-12 09:44:20] 🛠️ Build firmware (Creality_K1)
[2026-07-12 09:44:20] 🛠️ Version: v0.13.0-716-g3a6f687f
[2026-07-12 09:44:20] 🛠️ Repo: https://github.com/memfis99999/klipper
[2026-07-12 09:44:20] 🛠️ Branch: master
[2026-07-12 09:44:20] 🛠️ CONFIGS_DIR: /home/runner/work/klipper/klipper/src/configs/Creality
[2026-07-12 09:44:20] Found config: K1_bed0_100_G21_defconfig
  Creating symbolic link out/board
  Building out/autoconf.h
  Compiling out/src/sched.o
  Compiling out/src/command.o
  Compiling out/src/basecmd.o
  Compiling out/src/debugcmds.o
  Compiling out/src/initial_pins.o
  Compiling out/src/gpiocmds.o
  Compiling out/src/stepper.o
  Compiling out/src/endstop.o
  Compiling out/src/trsync.o
  Compiling out/src/adccmds.o
  Compiling out/src/spicmds.o
  Compiling out/src/buttons.o
  Compiling out/src/tmcuart.o
  Compiling out/src/neopixel.o
  Compiling out/src/pulse_counter.o
  Compiling out/src/lcd_st7920.o
  Compiling out/src/lcd_hd44780.o
  Compiling out/src/spi_software.o
  Compiling out/src/thermocouple.o
  Compiling out/src/sensor_adxl345.o
  Compiling out/src/sensor_lis2dw.o
  Compiling out/src/sensor_bmi160.o
  Compiling out/src/sensor_hx71x.o
  Compiling out/src/sensor_ads1220.o
  Compiling out/src/sensor_ads131m0x.o
  Compiling out/src/sensor_angle.o
  Compiling out/src/sensor_bulk.o
  Compiling out/src/sos_filter.o
  Compiling out/src/trigger_analog.o
  Compiling out/src/generic/crc16_ccitt.o
  Compiling out/src/generic/armcm_boot.o
  Compiling out/src/generic/armcm_irq.o
  Compiling out/src/generic/armcm_reset.o
  Compiling out/src/gd32/gd32e23x.o
  Compiling out/src/gd32/gd32e23x_gpio.o
  Compiling out/src/gd32/gd32e23x_timer.o
  Compiling out/src/generic/timer_irq.o
  Compiling out/src/gd32/adc.o
  Compiling out/src/gd32/spi.o
  Compiling out/src/gd32/serial.o
  Compiling out/src/generic/serial_irq.o
  Building out/compile_time_request.o
Version: v0.13.0-716-g3a6f687f
  Preprocessing out/src/generic/armcm_link.ld
  Linking out/klipper.elf
  Creating bin file out/klipper.bin
  Compiling and Linking out/hostCrc16.elf
  Adding CRC
  CRC16 is 0xc8b5
  Length is 0x9880
  Renaming binary
'out/klipper.bin' -> 'out/bed0_100_G21-bed0_013_716.bin'
[2026-07-12 09:44:24] Found config: K1_bed0_110_G21_defconfig
  Creating symbolic link out/board
  Building out/autoconf.h
  Compiling out/src/sched.o
  Compiling out/src/command.o
  Compiling out/src/basecmd.o
  Compiling out/src/debugcmds.o
  Compiling out/src/initial_pins.o
  Compiling out/src/gpiocmds.o
  Compiling out/src/stepper.o
  Compiling out/src/endstop.o
  Compiling out/src/trsync.o
  Compiling out/src/adccmds.o
  Compiling out/src/spicmds.o
  Compiling out/src/buttons.o
  Compiling out/src/tmcuart.o
  Compiling out/src/neopixel.o
  Compiling out/src/pulse_counter.o
  Compiling out/src/lcd_st7920.o
  Compiling out/src/lcd_hd44780.o
  Compiling out/src/spi_software.o
  Compiling out/src/thermocouple.o
  Compiling out/src/sensor_adxl345.o
  Compiling out/src/sensor_lis2dw.o
  Compiling out/src/sensor_bmi160.o
  Compiling out/src/sensor_hx71x.o
  Compiling out/src/sensor_ads1220.o
  Compiling out/src/sensor_ads131m0x.o
  Compiling out/src/sensor_angle.o
  Compiling out/src/sensor_bulk.o
  Compiling out/src/sos_filter.o
  Compiling out/src/trigger_analog.o
  Compiling out/src/generic/crc16_ccitt.o
  Compiling out/src/generic/armcm_boot.o
  Compiling out/src/generic/armcm_irq.o
  Compiling out/src/generic/armcm_reset.o
  Compiling out/src/gd32/gd32e23x.o
  Compiling out/src/gd32/gd32e23x_gpio.o
  Compiling out/src/gd32/gd32e23x_timer.o
  Compiling out/src/generic/timer_irq.o
  Compiling out/src/gd32/adc.o
  Compiling out/src/gd32/spi.o
  Compiling out/src/gd32/serial.o
  Compiling out/src/generic/serial_irq.o
  Building out/compile_time_request.o
Version: v0.13.0-716-g3a6f687f
  Preprocessing out/src/generic/armcm_link.ld
  Linking out/klipper.elf
  Creating bin file out/klipper.bin
  Compiling and Linking out/hostCrc16.elf
  Adding CRC
  CRC16 is 0xcf53
  Length is 0x9880
  Renaming binary
'out/klipper.bin' -> 'out/bed0_110_G21-bed0_013_716.bin'
[2026-07-12 09:44:29] Found config: K1_mcu0_110_G32_defconfig
  Creating symbolic link out/board
  Building out/autoconf.h
  Compiling out/src/sched.o
  Compiling out/src/command.o
  Compiling out/src/basecmd.o
  Compiling out/src/debugcmds.o
  Compiling out/src/initial_pins.o
  Compiling out/src/gpiocmds.o
  Compiling out/src/stepper.o
  Compiling out/src/endstop.o
  Compiling out/src/trsync.o
  Compiling out/src/adccmds.o
  Compiling out/src/spicmds.o
  Compiling out/src/buttons.o
  Compiling out/src/tmcuart.o
  Compiling out/src/neopixel.o
  Compiling out/src/pulse_counter.o
  Compiling out/src/lcd_st7920.o
  Compiling out/src/lcd_hd44780.o
  Compiling out/src/spi_software.o
  Compiling out/src/thermocouple.o
  Compiling out/src/sensor_adxl345.o
  Compiling out/src/sensor_lis2dw.o
  Compiling out/src/sensor_bmi160.o
  Compiling out/src/sensor_hx71x.o
  Compiling out/src/sensor_ads1220.o
  Compiling out/src/sensor_ads131m0x.o
  Compiling out/src/sensor_angle.o
  Compiling out/src/sensor_bulk.o
  Compiling out/src/sos_filter.o
  Compiling out/src/trigger_analog.o
  Compiling out/src/generic/crc16_ccitt.o
  Compiling out/src/generic/armcm_boot.o
  Compiling out/src/generic/armcm_irq.o
  Compiling out/src/generic/armcm_reset.o
  Compiling out/src/gd32/gd32f30x.o
  Compiling out/src/gd32/gd32f30x_gpio.o
  Compiling out/src/gd32/gd32e23x_timer.o
  Compiling out/src/generic/timer_irq.o
  Compiling out/src/gd32/adc.o
  Compiling out/src/gd32/spi.o
  Compiling out/src/gd32/serial.o
  Compiling out/src/generic/serial_irq.o
  Building out/compile_time_request.o
Version: v0.13.0-716-g3a6f687f
  Preprocessing out/src/generic/armcm_link.ld
  Linking out/klipper.elf
  Creating bin file out/klipper.bin
  Compiling and Linking out/hostCrc16.elf
  Adding CRC
  CRC16 is 0x69ee
  Length is 0x862c
  Renaming binary
'out/klipper.bin' -> 'out/mcu0_110_G32-mcu0_013_716.bin'
[2026-07-12 09:44:33] Found config: K1_mcu0_110_S40_defconfig
  Creating symbolic link out/board
  Building out/autoconf.h
  Compiling out/src/sched.o
  Compiling out/src/command.o
  Compiling out/src/basecmd.o
  Compiling out/src/debugcmds.o
  Compiling out/src/initial_pins.o
  Compiling out/src/gpiocmds.o
  Compiling out/src/stepper.o
  Compiling out/src/endstop.o
  Compiling out/src/trsync.o
  Compiling out/src/adccmds.o
  Compiling out/src/spicmds.o
  Compiling out/src/i2ccmds.o
  Compiling out/src/pwmcmds.o
  Compiling out/src/sdiocmds.o
  Compiling out/src/buttons.o
  Compiling out/src/tmcuart.o
  Compiling out/src/neopixel.o
  Compiling out/src/pulse_counter.o
  Compiling out/src/lcd_st7920.o
  Compiling out/src/lcd_hd44780.o
  Compiling out/src/spi_software.o
  Compiling out/src/i2c_software.o
  Compiling out/src/thermocouple.o
  Compiling out/src/sensor_adxl345.o
  Compiling out/src/sensor_lis2dw.o
  Compiling out/src/sensor_bmi160.o
  Compiling out/src/sensor_mpu9250.o
  Compiling out/src/sensor_icm20948.o
  Compiling out/src/sensor_hx71x.o
  Compiling out/src/sensor_ads1220.o
  Compiling out/src/sensor_ads131m0x.o
  Compiling out/src/sensor_ldc1612.o
  Compiling out/src/sensor_angle.o
  Compiling out/src/sensor_bulk.o
  Compiling out/src/sos_filter.o
  Compiling out/src/trigger_analog.o
  Compiling out/src/stm32/watchdog.o
  Compiling out/src/stm32/clockline.o
  Compiling out/src/stm32/dfu_reboot.o
  Compiling out/src/generic/crc16_ccitt.o
  Compiling out/src/generic/armcm_boot.o
  Compiling out/src/generic/armcm_irq.o
  Compiling out/src/generic/armcm_reset.o
  Compiling out/src/stm32/stm32f4.o
  Compiling out/src/../lib/stm32f4/system_stm32f4xx.o
  Compiling out/src/generic/armcm_timer.o
  Compiling out/src/stm32/gpio.o
  Compiling out/src/stm32/gpioperiph.o
  Compiling out/src/stm32/adc.o
  Compiling out/src/stm32/spi.o
  Compiling out/src/stm32/i2c.o
  Compiling out/src/stm32/serial.o
  Compiling out/src/generic/serial_irq.o
  Compiling out/src/stm32/hard_pwm.o
  Compiling out/src/stm32/sdio.o
  Building out/compile_time_request.o
Version: v0.13.0-716-g3a6f687f
  Preprocessing out/src/generic/armcm_link.ld
  Linking out/klipper.elf
  Creating bin file out/klipper.bin
  Compiling and Linking out/hostCrc16.elf
  Adding CRC
  CRC16 is 0xf64f
  Length is 0xa510
  Renaming binary
'out/klipper.bin' -> 'out/mcu0_110_S40-mcu0_013_716.bin'
[2026-07-12 09:44:39] Found config: K1_mcu0_120_G32_defconfig
  Creating symbolic link out/board
  Building out/autoconf.h
  Compiling out/src/sched.o
  Compiling out/src/command.o
  Compiling out/src/basecmd.o
  Compiling out/src/debugcmds.o
  Compiling out/src/initial_pins.o
  Compiling out/src/gpiocmds.o
  Compiling out/src/stepper.o
  Compiling out/src/endstop.o
  Compiling out/src/trsync.o
  Compiling out/src/adccmds.o
  Compiling out/src/spicmds.o
  Compiling out/src/buttons.o
  Compiling out/src/tmcuart.o
  Compiling out/src/neopixel.o
  Compiling out/src/pulse_counter.o
  Compiling out/src/lcd_st7920.o
  Compiling out/src/lcd_hd44780.o
  Compiling out/src/spi_software.o
  Compiling out/src/thermocouple.o
  Compiling out/src/sensor_adxl345.o
  Compiling out/src/sensor_lis2dw.o
  Compiling out/src/sensor_bmi160.o
  Compiling out/src/sensor_hx71x.o
  Compiling out/src/sensor_ads1220.o
  Compiling out/src/sensor_ads131m0x.o
  Compiling out/src/sensor_angle.o
  Compiling out/src/sensor_bulk.o
  Compiling out/src/sos_filter.o
  Compiling out/src/trigger_analog.o
  Compiling out/src/generic/crc16_ccitt.o
  Compiling out/src/generic/armcm_boot.o
  Compiling out/src/generic/armcm_irq.o
  Compiling out/src/generic/armcm_reset.o
  Compiling out/src/gd32/gd32f30x.o
  Compiling out/src/gd32/gd32f30x_gpio.o
  Compiling out/src/gd32/gd32e23x_timer.o
  Compiling out/src/generic/timer_irq.o
  Compiling out/src/gd32/adc.o
  Compiling out/src/gd32/spi.o
  Compiling out/src/gd32/serial.o
  Compiling out/src/generic/serial_irq.o
  Building out/compile_time_request.o
Version: v0.13.0-716-g3a6f687f
  Preprocessing out/src/generic/armcm_link.ld
  Linking out/klipper.elf
  Creating bin file out/klipper.bin
  Compiling and Linking out/hostCrc16.elf
  Adding CRC
  CRC16 is 0xd95d
  Length is 0x862c
  Renaming binary
'out/klipper.bin' -> 'out/mcu0_120_G32-mcu0_013_716.bin'
[2026-07-12 09:44:44] Found config: K1_noz0_110_G30_defconfig
  Creating symbolic link out/board
  Building out/autoconf.h
  Compiling out/src/sched.o
  Compiling out/src/command.o
  Compiling out/src/basecmd.o
  Compiling out/src/debugcmds.o
  Compiling out/src/initial_pins.o
  Compiling out/src/gpiocmds.o
  Compiling out/src/stepper.o
  Compiling out/src/endstop.o
  Compiling out/src/trsync.o
  Compiling out/src/adccmds.o
  Compiling out/src/spicmds.o
  Compiling out/src/buttons.o
  Compiling out/src/tmcuart.o
  Compiling out/src/neopixel.o
  Compiling out/src/pulse_counter.o
  Compiling out/src/lcd_st7920.o
  Compiling out/src/lcd_hd44780.o
  Compiling out/src/spi_software.o
  Compiling out/src/thermocouple.o
  Compiling out/src/sensor_adxl345.o
  Compiling out/src/sensor_lis2dw.o
  Compiling out/src/sensor_bmi160.o
  Compiling out/src/sensor_hx71x.o
  Compiling out/src/sensor_ads1220.o
  Compiling out/src/sensor_ads131m0x.o
  Compiling out/src/sensor_angle.o
  Compiling out/src/sensor_bulk.o
  Compiling out/src/sos_filter.o
  Compiling out/src/trigger_analog.o
  Compiling out/src/generic/crc16_ccitt.o
  Compiling out/src/generic/armcm_boot.o
  Compiling out/src/generic/armcm_irq.o
  Compiling out/src/generic/armcm_reset.o
  Compiling out/src/gd32/gd32f30x.o
  Compiling out/src/gd32/gd32f30x_gpio.o
  Compiling out/src/gd32/gd32e23x_timer.o
  Compiling out/src/generic/timer_irq.o
  Compiling out/src/gd32/adc.o
  Compiling out/src/gd32/spi.o
  Compiling out/src/gd32/serial.o
  Compiling out/src/generic/serial_irq.o
  Building out/compile_time_request.o
Version: v0.13.0-716-g3a6f687f
  Preprocessing out/src/generic/armcm_link.ld
  Linking out/klipper.elf
  Creating bin file out/klipper.bin
  Compiling and Linking out/hostCrc16.elf
  Adding CRC
  CRC16 is 0x4b96
  Length is 0x8640
  Renaming binary
'out/klipper.bin' -> 'out/noz0_110_G30-noz0_013_716.bin'
[2026-07-12 09:44:48] Found config: K1_noz0_110_S06_defconfig
  Creating symbolic link out/board
  Building out/autoconf.h
  Compiling out/src/sched.o
  Compiling out/src/command.o
  Compiling out/src/basecmd.o
  Compiling out/src/debugcmds.o
  Compiling out/src/initial_pins.o
  Compiling out/src/gpiocmds.o
  Compiling out/src/stepper.o
  Compiling out/src/endstop.o
  Compiling out/src/trsync.o
  Compiling out/src/adccmds.o
  Compiling out/src/spicmds.o
  Compiling out/src/i2ccmds.o
  Compiling out/src/pwmcmds.o
  Compiling out/src/buttons.o
  Compiling out/src/tmcuart.o
  Compiling out/src/neopixel.o
  Compiling out/src/pulse_counter.o
  Compiling out/src/lcd_st7920.o
  Compiling out/src/lcd_hd44780.o
  Compiling out/src/spi_software.o
  Compiling out/src/i2c_software.o
  Compiling out/src/thermocouple.o
  Compiling out/src/sensor_adxl345.o
  Compiling out/src/sensor_lis2dw.o
  Compiling out/src/sensor_bmi160.o
  Compiling out/src/sensor_mpu9250.o
  Compiling out/src/sensor_icm20948.o
  Compiling out/src/sensor_hx71x.o
  Compiling out/src/sensor_ads1220.o
  Compiling out/src/sensor_ads131m0x.o
  Compiling out/src/sensor_ldc1612.o
  Compiling out/src/sensor_angle.o
  Compiling out/src/sensor_bulk.o
  Compiling out/src/sos_filter.o
  Compiling out/src/trigger_analog.o
  Compiling out/src/stm32/watchdog.o
  Compiling out/src/stm32/clockline.o
  Compiling out/src/stm32/dfu_reboot.o
  Compiling out/src/generic/crc16_ccitt.o
  Compiling out/src/generic/armcm_boot.o
  Compiling out/src/generic/armcm_irq.o
  Compiling out/src/generic/armcm_reset.o
  Compiling out/src/stm32/stm32g0.o
  Compiling out/src/generic/timer_irq.o
  Compiling out/src/stm32/stm32f0_timer.o
  Compiling out/src/stm32/gpio.o
  Compiling out/src/stm32/gpioperiph.o
  Compiling out/src/stm32/stm32f0_adc.o
  Compiling out/src/stm32/spi.o
  Compiling out/src/stm32/stm32f0_i2c.o
  Compiling out/src/stm32/stm32f0_serial.o
  Compiling out/src/generic/serial_irq.o
  Compiling out/src/stm32/hard_pwm.o
  Building out/compile_time_request.o
Version: v0.13.0-716-g3a6f687f
  Preprocessing out/src/generic/armcm_link.ld
  Linking out/klipper.elf
  Creating bin file out/klipper.bin
  Compiling and Linking out/hostCrc16.elf
  Adding CRC
  CRC16 is 0x4933
  Length is 0xa674
  Renaming binary
'out/klipper.bin' -> 'out/noz0_110_S06-noz0_013_716.bin'
[2026-07-12 09:44:54] Found config: K1_noz0_120_G30_defconfig
  Creating symbolic link out/board
  Building out/autoconf.h
  Compiling out/src/sched.o
  Compiling out/src/command.o
  Compiling out/src/basecmd.o
  Compiling out/src/debugcmds.o
  Compiling out/src/initial_pins.o
  Compiling out/src/gpiocmds.o
  Compiling out/src/stepper.o
  Compiling out/src/endstop.o
  Compiling out/src/trsync.o
  Compiling out/src/adccmds.o
  Compiling out/src/spicmds.o
  Compiling out/src/buttons.o
  Compiling out/src/tmcuart.o
  Compiling out/src/neopixel.o
  Compiling out/src/pulse_counter.o
  Compiling out/src/lcd_st7920.o
  Compiling out/src/lcd_hd44780.o
  Compiling out/src/spi_software.o
  Compiling out/src/thermocouple.o
  Compiling out/src/sensor_adxl345.o
  Compiling out/src/sensor_lis2dw.o
  Compiling out/src/sensor_bmi160.o
  Compiling out/src/sensor_hx71x.o
  Compiling out/src/sensor_ads1220.o
  Compiling out/src/sensor_ads131m0x.o
  Compiling out/src/sensor_angle.o
  Compiling out/src/sensor_bulk.o
  Compiling out/src/sos_filter.o
  Compiling out/src/trigger_analog.o
  Compiling out/src/generic/crc16_ccitt.o
  Compiling out/src/generic/armcm_boot.o
  Compiling out/src/generic/armcm_irq.o
  Compiling out/src/generic/armcm_reset.o
  Compiling out/src/gd32/gd32f30x.o
  Compiling out/src/gd32/gd32f30x_gpio.o
  Compiling out/src/gd32/gd32e23x_timer.o
  Compiling out/src/generic/timer_irq.o
  Compiling out/src/gd32/adc.o
  Compiling out/src/gd32/spi.o
  Compiling out/src/gd32/serial.o
  Compiling out/src/generic/serial_irq.o
  Building out/compile_time_request.o
Version: v0.13.0-716-g3a6f687f
  Preprocessing out/src/generic/armcm_link.ld
  Linking out/klipper.elf
  Creating bin file out/klipper.bin
  Compiling and Linking out/hostCrc16.elf
  Adding CRC
  CRC16 is 0xbab7
  Length is 0x8640
  Renaming binary
'out/klipper.bin' -> 'out/noz0_120_G30-noz0_013_716.bin'
[2026-07-12 09:44:58] 🛠️ Build completed successfully.
Build took 38 seconds.
----------------------------------------
